* mysql安装
[[https://blog.csdn.net/qq_36652619/article/details/81535987][添加用户与授权]] ：注意未测试授权部分

* TODO 模板和索引

查看用户
echo "SELECT DISTINCT CONCAT('User: ''',user,'''@''',host,''';') AS query FROM mysql.user;  "

: 这里是以后在linux shell 下使用mysql 的模板
#+BEGIN_SRC  shell_script
echo "请输入之后测试的语言类型"
echo "[1]python  [2]java   [3]c"
./test_mysql_for_python.py

#+END_SRC
[[./mysql/test_mysql_for_python.py]]
1. 测试文件的内容
   1. [ ] 显示所有可用用户
   2. [ ] 为专属项目创建新用户
   3. [ ] 基本命令模板
      1. [ ] 新建
      2. [ ] 插入
      3. [ ] 删除

* 命令行使用
| 登录： | mysql -u work -p | 连着输入hello 即我的密码 |   |
| 登录： | mysql -u root -p | 连着输入hello 即我的密码 | 能登陆 |
** show 系列
show   databases tables;
desc tablename;
** 创建
create  database table;
*** table  的 关系

CREATE TABLE IF NOT EXISTS `runoob_tbl`(
   `runoob_id` INT UNSIGNED AUTO_INCREMENT,
   `runoob_title` VARCHAR(100) NOT NULL,
   `runoob_author` VARCHAR(40) NOT NULL,
   `submission_date` DATE,
   PRIMARY KEY ( `runoob_id` )
   )ENGINE=InnoDB DEFAULT CHARSET=utf8;
|-----------------+------------------+------+-----+---------+----------------|
| Field           | Type             | Null | Key | Default | Extra          |
|-----------------+------------------+------+-----+---------+----------------|
| runoob_id       | int(10) unsigned | NO   | PRI | NULL    | auto_increment |
| runoob_title    | varchar(100)     | NO   |     | NULL    |                |
| runoob_author   | varchar(40)      | NO   |     | NULL    |                |
| submission_date | date             | YES  |     | NULL    |                |

** TODO 用户与登录
*** TODO 登录我的全部用户
| 我的用户与密码 |
+------------------------------------------+
|   |   | 密码 | 用户                                  |
|---+---+------+---------------------------------------|
|   |   |      | User: 'debian-sys-maint'@'localhost'; |
|   |   |      | User: 'mysql.session'@'localhost';    |
|   |   |      | User: 'mysql.sys'@'localhost';        |
|   |   | 空    | User: 'root'@'localhost';             |
|   |   |      | User: 'work'@'localhost';             |
|   |   |      | User: 'work2'@'localhost';            |
+---------------------------------------+


1. 查看密码
   1. select host,user,authentication_string from user;

*** 修改密码
mysql> select User from user;  #此处为查询用户命令
+-----------+
| User      |
+-----------+
| *******  |
| mysql.sys |
| root      |
+-----------+
3 rows in set (0.00 sec)

mysql> update user set password=password("*******") where user="*******";  #修改密码报错
ERROR 1054 (42S22): Unknown column 'password' in 'field list'
mysql> update mysql.user set authentication_string=password('*******') where user='*******';  #修改密码成功
Query OK, 1 row affected, 1 warning (0.00 sec)
Rows matched: 1  Changed: 1  Warnings: 1

mysql> flush privileges;  #立即生效
Query OK, 0 rows affected (0.00 sec)

mysql> quit
Bye

n>mysql -u ******* -p #以该用户登录成功.
Enter password: ********
…………………………
mysql>


*** TODO work无法登录
**** 密码问题 修改密码
***** 测试2
 INSERT INTO user
          (host, user, password,
           select_priv, insert_priv, update_priv)
           VALUES ('localhost', 'guest',
           PASSWORD('guest123'), 'Y', 'Y', 'Y');
Query OK, 1 row affected (0.20 sec)

mysql> FLUSH PRIVILEGES;
Query OK, 1 row affected (0.01 sec)

mysql> SELECT host, user, password FROM user WHERE user = 'guest';
+-----------+---------+------------------+
| host      | user    | password         |
+-----------+---------+------------------+
| localhost | guest | 6f8c114b58f2ce9e |
+-----------+---------+------------------+
1 row in set (0.00 sec)
*** TODO work2的库添加和删除
**** 没有权限问题需要权限：GRANT ALL PRIVILEGES ON *.* TO 'username'@'localhost' IDENTIFIED BY 'password';
  GRANT ALL PRIVILEGES ON *.* TO 'work2'@'localhost' IDENTIFIED BY 'hello';
- [X]  创造数据库 CREAT DATABASE name;
- [ ] 创造表单
    #+BEGIN_SRC
CREATE TABLE IF NOT EXISTS `runoob_tbl`(
   `runoob_id` INT UNSIGNED AUTO_INCREMENT,
   `runoob_title` VARCHAR(100) NOT NULL,
   `runoob_author` VARCHAR(40) NOT NULL,
   `submission_date` DATE,
   PRIMARY KEY ( `runoob_id` )
)ENGINE=InnoDB DEFAULT CHARSET=utf8;

    #+END_SRC
- [ ]  表单控制

*** root在不使用sudo的情况下登录
*** TODO 查看用户:SELECT DISTINCT CONCAT('User: ''',user,'''@''',host,''';') AS query FROM mysql.user;
*** DONE 新建用户work2 for intelnovel
CLOSED: [2019-01-22 二 19:23]
:LOGBOOK:
- State "DONE"       from "TODO"       [2019-01-22 二 19:23]
:END:
**** 测试1
 另外一种添加用户的方法为通过SQL的 GRANT 命令，以下命令会给指定数据库TUTORIALS添加用户 zara ，密码为 zara123 。

root@host# mysql -u root -p
Enter password:*******
mysql> use mysql;
Database changed

mysql> GRANT SELECT,INSERT,UPDATE,DELETE,CREATE,DROP
     ON TUTORIALS.*
     TO 'zara'@'localhost'
     IDENTIFIED BY 'zara123';
***** 结果：创建成功 登录成功

* TODO erro
SCHEDULED: <2019-01-22 二>
** 现状
*** work 直接不能登录
*** root   不需要密码，直接使用sudo登录
udo mysql -u root -p
[sudo] work 的密码：
对不起，请重试。
[sudo] work 的密码：
Enter password:

* 权限问题
[[https://www.cnblogs.com/SQL888/p/5748824.html][一篇博客]]
